// MountMethodHandler configures the mux to serve the "Service2" service
// "Method" endpoint.
func MountMethodHandler(mux goahttp.Muxer, h http.Handler) {
	f, ok := h.(http.HandlerFunc)
	if !ok {
		f = func(w http.ResponseWriter, r *http.Request) {
			h.ServeHTTP(w, r)
		}
	}
	mux.Handle("GET", "/", func(w http.ResponseWriter, r *http.Request) {
		trace.SpanFromContext(r.Context()).SetAttributes(semconv.HTTPRoute("/"))
		f(w, r)
	})
	mux.Handle("GET", "/other", func(w http.ResponseWriter, r *http.Request) {
		trace.SpanFromContext(r.Context()).SetAttributes(semconv.HTTPRoute("/other"))
		f(w, r)
	})
}
